192.168.1.10 - - [09/Jul/2026:16:02:02 +0200] "GET / HTTP/1.1" 301 169 "-" "Mozilla/5.0 (Windows NT 10.0; Win64; x64) AppleWebKit/537.36 (KHTML, like Gecko) Chrome/150.0.0.0 Safari/537.36"
192.168.1.10 - - [09/Jul/2026:16:02:09 +0200] "GET / HTTP/1.1" 502 559 "-" "Mozilla/5.0 (Windows NT 10.0; Win64; x64) AppleWebKit/537.36 (KHTML, like Gecko) Chrome/150.0.0.0 Safari/537.36"
192.168.1.10 - - [09/Jul/2026:16:02:11 +0200] "GET /favicon.ico HTTP/1.1" 502 559 "https://192.168.1.18/" "Mozilla/5.0 (Windows NT 10.0; Win64; x64) AppleWebKit/537.36 (KHTML, like Gecko) Chrome/150.0.0.0 Safari/537.36"
127.0.0.1 - - [09/Jul/2026:16:51:06 +0200] "GET / HTTP/1.1" 301 169 "-" "Mozilla/5.0 (Windows NT 10.0; Win64; x64) AppleWebKit/537.36 (KHTML, like Gecko) Chrome/150.0.0.0 Safari/537.36 Edg/150.0.0.0"
127.0.0.1 - - [09/Jul/2026:16:51:17 +0200] "GET / HTTP/1.1" 499 0 "-" "Mozilla/5.0 (Windows NT 10.0; Win64; x64) AppleWebKit/537.36 (KHTML, like Gecko) Chrome/150.0.0.0 Safari/537.36 Edg/150.0.0.0"
127.0.0.1 - - [09/Jul/2026:16:51:17 +0200] "GET / HTTP/1.1" 499 0 "-" "Mozilla/5.0 (Windows NT 10.0; Win64; x64) AppleWebKit/537.36 (KHTML, like Gecko) Chrome/150.0.0.0 Safari/537.36 Edg/150.0.0.0"
127.0.0.1 - - [09/Jul/2026:16:51:20 +0200] "GET / HTTP/1.1" 502 559 "-" "Mozilla/5.0 (Windows NT 10.0; Win64; x64) AppleWebKit/537.36 (KHTML, like Gecko) Chrome/150.0.0.0 Safari/537.36 Edg/150.0.0.0"
127.0.0.1 - - [09/Jul/2026:16:51:22 +0200] "GET /favicon.ico HTTP/1.1" 502 559 "https://localhost/" "Mozilla/5.0 (Windows NT 10.0; Win64; x64) AppleWebKit/537.36 (KHTML, like Gecko) Chrome/150.0.0.0 Safari/537.36 Edg/150.0.0.0"
127.0.0.1 - - [09/Jul/2026:16:51:26 +0200] "GET / HTTP/1.1" 499 0 "-" "Mozilla/5.0 (Windows NT 10.0; Win64; x64) AppleWebKit/537.36 (KHTML, like Gecko) Chrome/150.0.0.0 Safari/537.36 Edg/150.0.0.0"
127.0.0.1 - - [09/Jul/2026:16:51:28 +0200] "GET / HTTP/1.1" 502 559 "-" "Mozilla/5.0 (Windows NT 10.0; Win64; x64) AppleWebKit/537.36 (KHTML, like Gecko) Chrome/150.0.0.0 Safari/537.36 Edg/150.0.0.0"
127.0.0.1 - - [09/Jul/2026:16:51:30 +0200] "GET /favicon.ico HTTP/1.1" 502 559 "https://localhost/" "Mozilla/5.0 (Windows NT 10.0; Win64; x64) AppleWebKit/537.36 (KHTML, like Gecko) Chrome/150.0.0.0 Safari/537.36 Edg/150.0.0.0"
127.0.0.1 - - [09/Jul/2026:16:51:33 +0200] "GET / HTTP/1.1" 502 559 "-" "Mozilla/5.0 (Windows NT 10.0; Win64; x64) AppleWebKit/537.36 (KHTML, like Gecko) Chrome/150.0.0.0 Safari/537.36 Edg/150.0.0.0"
127.0.0.1 - - [09/Jul/2026:16:51:35 +0200] "GET /favicon.ico HTTP/1.1" 502 559 "https://localhost/" "Mozilla/5.0 (Windows NT 10.0; Win64; x64) AppleWebKit/537.36 (KHTML, like Gecko) Chrome/150.0.0.0 Safari/537.36 Edg/150.0.0.0"
127.0.0.1 - - [09/Jul/2026:16:51:37 +0200] "GET / HTTP/1.1" 502 559 "-" "Mozilla/5.0 (Windows NT 10.0; Win64; x64) AppleWebKit/537.36 (KHTML, like Gecko) Chrome/150.0.0.0 Safari/537.36 Edg/150.0.0.0"
127.0.0.1 - - [09/Jul/2026:16:51:39 +0200] "GET /favicon.ico HTTP/1.1" 502 559 "https://localhost/" "Mozilla/5.0 (Windows NT 10.0; Win64; x64) AppleWebKit/537.36 (KHTML, like Gecko) Chrome/150.0.0.0 Safari/537.36 Edg/150.0.0.0"
127.0.0.1 - - [09/Jul/2026:16:51:41 +0200] "GET / HTTP/1.1" 502 559 "-" "Mozilla/5.0 (Windows NT 10.0; Win64; x64) AppleWebKit/537.36 (KHTML, like Gecko) Chrome/150.0.0.0 Safari/537.36 Edg/150.0.0.0"
127.0.0.1 - - [09/Jul/2026:16:51:43 +0200] "GET /favicon.ico HTTP/1.1" 502 559 "https://localhost/" "Mozilla/5.0 (Windows NT 10.0; Win64; x64) AppleWebKit/537.36 (KHTML, like Gecko) Chrome/150.0.0.0 Safari/537.36 Edg/150.0.0.0"
127.0.0.1 - - [09/Jul/2026:16:51:47 +0200] "GET / HTTP/1.1" 502 559 "-" "Mozilla/5.0 (Windows NT 10.0; Win64; x64) AppleWebKit/537.36 (KHTML, like Gecko) Chrome/150.0.0.0 Safari/537.36 Edg/150.0.0.0"
127.0.0.1 - - [09/Jul/2026:16:51:49 +0200] "GET /favicon.ico HTTP/1.1" 502 559 "https://localhost/" "Mozilla/5.0 (Windows NT 10.0; Win64; x64) AppleWebKit/537.36 (KHTML, like Gecko) Chrome/150.0.0.0 Safari/537.36 Edg/150.0.0.0"
127.0.0.1 - - [09/Jul/2026:17:42:15 +0200] "GET / HTTP/1.1" 502 559 "-" "Mozilla/5.0 (Windows NT 10.0; Win64; x64) AppleWebKit/537.36 (KHTML, like Gecko) Chrome/150.0.0.0 Safari/537.36 Edg/150.0.0.0"
127.0.0.1 - - [09/Jul/2026:17:42:17 +0200] "GET /favicon.ico HTTP/1.1" 502 559 "https://localhost/" "Mozilla/5.0 (Windows NT 10.0; Win64; x64) AppleWebKit/537.36 (KHTML, like Gecko) Chrome/150.0.0.0 Safari/537.36 Edg/150.0.0.0"
127.0.0.1 - - [09/Jul/2026:17:42:19 +0200] "GET / HTTP/1.1" 502 559 "-" "Mozilla/5.0 (Windows NT 10.0; Win64; x64) AppleWebKit/537.36 (KHTML, like Gecko) Chrome/150.0.0.0 Safari/537.36 Edg/150.0.0.0"
127.0.0.1 - - [09/Jul/2026:17:42:21 +0200] "GET /favicon.ico HTTP/1.1" 502 559 "https://localhost/" "Mozilla/5.0 (Windows NT 10.0; Win64; x64) AppleWebKit/537.36 (KHTML, like Gecko) Chrome/150.0.0.0 Safari/537.36 Edg/150.0.0.0"
127.0.0.1 - - [09/Jul/2026:17:43:36 +0200] "GET /.well-known/appspecific/com.chrome.devtools.json HTTP/1.1" 502 559 "-" "Mozilla/5.0 (Windows NT 10.0; Win64; x64) AppleWebKit/537.36 (KHTML, like Gecko) Chrome/150.0.0.0 Safari/537.36 Edg/150.0.0.0"
127.0.0.1 - - [09/Jul/2026:17:44:51 +0200] "GET / HTTP/1.1" 502 559 "-" "Mozilla/5.0 (Windows NT 10.0; Win64; x64) AppleWebKit/537.36 (KHTML, like Gecko) Chrome/150.0.0.0 Safari/537.36 Edg/150.0.0.0"
127.0.0.1 - - [09/Jul/2026:17:44:53 +0200] "GET /favicon.ico HTTP/1.1" 502 559 "https://localhost/" "Mozilla/5.0 (Windows NT 10.0; Win64; x64) AppleWebKit/537.36 (KHTML, like Gecko) Chrome/150.0.0.0 Safari/537.36 Edg/150.0.0.0"
192.168.1.250 - - [09/Jul/2026:17:50:10 +0200] "GET / HTTP/1.1" 200 460 "-" "Mozilla/5.0 (Windows NT 10.0; Win64; x64) AppleWebKit/537.36 (KHTML, like Gecko) Chrome/150.0.0.0 Safari/537.36 Edg/150.0.0.0"
192.168.1.250 - - [09/Jul/2026:17:50:11 +0200] "GET /assets/index-3VVwHbjW.css HTTP/1.1" 200 18101 "http://192.168.1.250/" "Mozilla/5.0 (Windows NT 10.0; Win64; x64) AppleWebKit/537.36 (KHTML, like Gecko) Chrome/150.0.0.0 Safari/537.36 Edg/150.0.0.0"
192.168.1.250 - - [09/Jul/2026:17:50:11 +0200] "GET /assets/index-LKHpzJFq.js HTTP/1.1" 200 426142 "http://192.168.1.250/" "Mozilla/5.0 (Windows NT 10.0; Win64; x64) AppleWebKit/537.36 (KHTML, like Gecko) Chrome/150.0.0.0 Safari/537.36 Edg/150.0.0.0"
192.168.1.250 - - [09/Jul/2026:17:50:11 +0200] "GET /registerSW.js HTTP/1.1" 200 137 "http://192.168.1.250/" "Mozilla/5.0 (Windows NT 10.0; Win64; x64) AppleWebKit/537.36 (KHTML, like Gecko) Chrome/150.0.0.0 Safari/537.36 Edg/150.0.0.0"
192.168.1.250 - - [09/Jul/2026:17:50:11 +0200] "GET /manifest.webmanifest HTTP/1.1" 200 472 "http://192.168.1.250/" "Mozilla/5.0 (Windows NT 10.0; Win64; x64) AppleWebKit/537.36 (KHTML, like Gecko) Chrome/150.0.0.0 Safari/537.36 Edg/150.0.0.0"
192.168.1.250 - - [09/Jul/2026:17:50:11 +0200] "GET /realtime/v1/websocket?apikey=eyJhbGciOiJIUzI1NiIsInR5cCI6IkpXVCJ9.eyJpc3MiOiJzdXBhYmFzZS1kZW1vIiwicm9sZSI6ImFub24iLCJleHAiOjE5ODM4MTI5OTZ9.CRXP1A7WOeoJeXxjNni43kdQwgnWNReilDMblYTn_I0&vsn=2.0.0 HTTP/1.1" 200 460 "-" "Mozilla/5.0 (Windows NT 10.0; Win64; x64) AppleWebKit/537.36 (KHTML, like Gecko) Chrome/150.0.0.0 Safari/537.36 Edg/150.0.0.0"
192.168.1.250 - - [09/Jul/2026:17:50:11 +0200] "GET /favicon.svg HTTP/1.1" 200 9522 "http://192.168.1.250/" "Mozilla/5.0 (Windows NT 10.0; Win64; x64) AppleWebKit/537.36 (KHTML, like Gecko) Chrome/150.0.0.0 Safari/537.36 Edg/150.0.0.0"
192.168.1.250 - - [09/Jul/2026:17:50:11 +0200] "GET /rest/v1/prenotazioni?select=*&data=eq.2026-07-09&order=ora.asc HTTP/1.1" 200 2 "http://192.168.1.250/" "Mozilla/5.0 (Windows NT 10.0; Win64; x64) AppleWebKit/537.36 (KHTML, like Gecko) Chrome/150.0.0.0 Safari/537.36 Edg/150.0.0.0"
192.168.1.250 - - [09/Jul/2026:17:50:11 +0200] "GET /rest/v1/prodotti?select=id&limit=1 HTTP/1.1" 200 78 "http://192.168.1.250/" "Mozilla/5.0 (Windows NT 10.0; Win64; x64) AppleWebKit/537.36 (KHTML, like Gecko) Chrome/150.0.0.0 Safari/537.36 Edg/150.0.0.0"
192.168.1.250 - - [09/Jul/2026:17:50:11 +0200] "GET /rest/v1/tavoli?select=*&order=nome.asc HTTP/1.1" 200 1317 "http://192.168.1.250/" "Mozilla/5.0 (Windows NT 10.0; Win64; x64) AppleWebKit/537.36 (KHTML, like Gecko) Chrome/150.0.0.0 Safari/537.36 Edg/150.0.0.0"
192.168.1.250 - - [09/Jul/2026:17:50:12 +0200] "GET /realtime/v1/websocket?apikey=eyJhbGciOiJIUzI1NiIsInR5cCI6IkpXVCJ9.eyJpc3MiOiJzdXBhYmFzZS1kZW1vIiwicm9sZSI6ImFub24iLCJleHAiOjE5ODM4MTI5OTZ9.CRXP1A7WOeoJeXxjNni43kdQwgnWNReilDMblYTn_I0&vsn=2.0.0 HTTP/1.1" 200 460 "-" "Mozilla/5.0 (Windows NT 10.0; Win64; x64) AppleWebKit/537.36 (KHTML, like Gecko) Chrome/150.0.0.0 Safari/537.36 Edg/150.0.0.0"
192.168.1.250 - - [09/Jul/2026:17:50:14 +0200] "GET /realtime/v1/websocket?apikey=eyJhbGciOiJIUzI1NiIsInR5cCI6IkpXVCJ9.eyJpc3MiOiJzdXBhYmFzZS1kZW1vIiwicm9sZSI6ImFub24iLCJleHAiOjE5ODM4MTI5OTZ9.CRXP1A7WOeoJeXxjNni43kdQwgnWNReilDMblYTn_I0&vsn=2.0.0 HTTP/1.1" 200 460 "-" "Mozilla/5.0 (Windows NT 10.0; Win64; x64) AppleWebKit/537.36 (KHTML, like Gecko) Chrome/150.0.0.0 Safari/537.36 Edg/150.0.0.0"
192.168.1.250 - - [09/Jul/2026:17:50:19 +0200] "GET /realtime/v1/websocket?apikey=eyJhbGciOiJIUzI1NiIsInR5cCI6IkpXVCJ9.eyJpc3MiOiJzdXBhYmFzZS1kZW1vIiwicm9sZSI6ImFub24iLCJleHAiOjE5ODM4MTI5OTZ9.CRXP1A7WOeoJeXxjNni43kdQwgnWNReilDMblYTn_I0&vsn=2.0.0 HTTP/1.1" 200 460 "-" "Mozilla/5.0 (Windows NT 10.0; Win64; x64) AppleWebKit/537.36 (KHTML, like Gecko) Chrome/150.0.0.0 Safari/537.36 Edg/150.0.0.0"
192.168.1.250 - - [09/Jul/2026:17:50:29 +0200] "GET /realtime/v1/websocket?apikey=eyJhbGciOiJIUzI1NiIsInR5cCI6IkpXVCJ9.eyJpc3MiOiJzdXBhYmFzZS1kZW1vIiwicm9sZSI6ImFub24iLCJleHAiOjE5ODM4MTI5OTZ9.CRXP1A7WOeoJeXxjNni43kdQwgnWNReilDMblYTn_I0&vsn=2.0.0 HTTP/1.1" 200 460 "-" "Mozilla/5.0 (Windows NT 10.0; Win64; x64) AppleWebKit/537.36 (KHTML, like Gecko) Chrome/150.0.0.0 Safari/537.36 Edg/150.0.0.0"
192.168.1.13 - - [09/Jul/2026:17:50:51 +0200] "GET / HTTP/1.1" 200 460 "-" "Mozilla/5.0 (Linux; Android 10; K) AppleWebKit/537.36 (KHTML, like Gecko) Chrome/149.0.0.0 Mobile Safari/537.36"
192.168.1.13 - - [09/Jul/2026:17:50:51 +0200] "GET /assets/index-3VVwHbjW.css HTTP/1.1" 200 18101 "http://192.168.1.250/" "Mozilla/5.0 (Linux; Android 10; K) AppleWebKit/537.36 (KHTML, like Gecko) Chrome/149.0.0.0 Mobile Safari/537.36"
192.168.1.13 - - [09/Jul/2026:17:50:51 +0200] "GET /registerSW.js HTTP/1.1" 200 137 "http://192.168.1.250/" "Mozilla/5.0 (Linux; Android 10; K) AppleWebKit/537.36 (KHTML, like Gecko) Chrome/149.0.0.0 Mobile Safari/537.36"
192.168.1.13 - - [09/Jul/2026:17:50:51 +0200] "GET /assets/index-LKHpzJFq.js HTTP/1.1" 200 426158 "http://192.168.1.250/" "Mozilla/5.0 (Linux; Android 10; K) AppleWebKit/537.36 (KHTML, like Gecko) Chrome/149.0.0.0 Mobile Safari/537.36"
192.168.1.13 - - [09/Jul/2026:17:50:53 +0200] "GET /realtime/v1/websocket?apikey=eyJhbGciOiJIUzI1NiIsInR5cCI6IkpXVCJ9.eyJpc3MiOiJzdXBhYmFzZS1kZW1vIiwicm9sZSI6ImFub24iLCJleHAiOjE5ODM4MTI5OTZ9.CRXP1A7WOeoJeXxjNni43kdQwgnWNReilDMblYTn_I0&vsn=2.0.0 HTTP/1.1" 200 460 "-" "Mozilla/5.0 (Linux; Android 10; K) AppleWebKit/537.36 (KHTML, like Gecko) Chrome/149.0.0.0 Mobile Safari/537.36"
192.168.1.13 - - [09/Jul/2026:17:50:53 +0200] "GET /favicon.svg HTTP/1.1" 200 9522 "http://192.168.1.250/" "Mozilla/5.0 (Linux; Android 10; K) AppleWebKit/537.36 (KHTML, like Gecko) Chrome/149.0.0.0 Mobile Safari/537.36"
192.168.1.13 - - [09/Jul/2026:17:50:53 +0200] "GET /rest/v1/prodotti?select=id&limit=1 HTTP/1.1" 200 78 "http://192.168.1.250/" "Mozilla/5.0 (Linux; Android 10; K) AppleWebKit/537.36 (KHTML, like Gecko) Chrome/149.0.0.0 Mobile Safari/537.36"
192.168.1.13 - - [09/Jul/2026:17:50:53 +0200] "GET /rest/v1/tavoli?select=*&order=nome.asc HTTP/1.1" 200 1317 "http://192.168.1.250/" "Mozilla/5.0 (Linux; Android 10; K) AppleWebKit/537.36 (KHTML, like Gecko) Chrome/149.0.0.0 Mobile Safari/537.36"
192.168.1.13 - - [09/Jul/2026:17:50:53 +0200] "GET /rest/v1/prodotti?select=*&order=nome.asc HTTP/1.1" 200 7205 "http://192.168.1.250/" "Mozilla/5.0 (Linux; Android 10; K) AppleWebKit/537.36 (KHTML, like Gecko) Chrome/149.0.0.0 Mobile Safari/537.36"
192.168.1.13 - - [09/Jul/2026:17:50:53 +0200] "GET /rest/v1/ingredienti?select=* HTTP/1.1" 200 1897 "http://192.168.1.250/" "Mozilla/5.0 (Linux; Android 10; K) AppleWebKit/537.36 (KHTML, like Gecko) Chrome/149.0.0.0 Mobile Safari/537.36"
192.168.1.13 - - [09/Jul/2026:17:50:53 +0200] "GET /rest/v1/prenotazioni?select=*&data=eq.2026-07-09&status=in.%28CONFERMATA%2CARRIVATA%29&order=ora.asc HTTP/1.1" 200 2 "http://192.168.1.250/" "Mozilla/5.0 (Linux; Android 10; K) AppleWebKit/537.36 (KHTML, like Gecko) Chrome/149.0.0.0 Mobile Safari/537.36"
192.168.1.13 - - [09/Jul/2026:17:50:53 +0200] "GET /pwa-192x192.png HTTP/1.1" 200 2920 "http://192.168.1.250/" "Mozilla/5.0 (Linux; Android 10; K) AppleWebKit/537.36 (KHTML, like Gecko) Chrome/149.0.0.0 Mobile Safari/537.36"
192.168.1.13 - - [09/Jul/2026:17:50:54 +0200] "GET /realtime/v1/websocket?apikey=eyJhbGciOiJIUzI1NiIsInR5cCI6IkpXVCJ9.eyJpc3MiOiJzdXBhYmFzZS1kZW1vIiwicm9sZSI6ImFub24iLCJleHAiOjE5ODM4MTI5OTZ9.CRXP1A7WOeoJeXxjNni43kdQwgnWNReilDMblYTn_I0&vsn=2.0.0 HTTP/1.1" 200 460 "-" "Mozilla/5.0 (Linux; Android 10; K) AppleWebKit/537.36 (KHTML, like Gecko) Chrome/149.0.0.0 Mobile Safari/537.36"
192.168.1.13 - - [09/Jul/2026:17:50:55 +0200] "GET / HTTP/1.1" 200 460 "-" "Mozilla/5.0 (Linux; Android 10; K) AppleWebKit/537.36 (KHTML, like Gecko) Chrome/149.0.0.0 Mobile Safari/537.36"
192.168.1.13 - - [09/Jul/2026:17:50:56 +0200] "GET /assets/index-LKHpzJFq.js HTTP/1.1" 304 0 "http://192.168.1.250/" "Mozilla/5.0 (Linux; Android 10; K) AppleWebKit/537.36 (KHTML, like Gecko) Chrome/149.0.0.0 Mobile Safari/537.36"
192.168.1.13 - - [09/Jul/2026:17:50:56 +0200] "GET /assets/index-3VVwHbjW.css HTTP/1.1" 304 0 "http://192.168.1.250/" "Mozilla/5.0 (Linux; Android 10; K) AppleWebKit/537.36 (KHTML, like Gecko) Chrome/149.0.0.0 Mobile Safari/537.36"
192.168.1.13 - - [09/Jul/2026:17:50:56 +0200] "GET /registerSW.js HTTP/1.1" 304 0 "http://192.168.1.250/" "Mozilla/5.0 (Linux; Android 10; K) AppleWebKit/537.36 (KHTML, like Gecko) Chrome/149.0.0.0 Mobile Safari/537.36"
192.168.1.13 - - [09/Jul/2026:17:50:56 +0200] "GET /realtime/v1/websocket?apikey=eyJhbGciOiJIUzI1NiIsInR5cCI6IkpXVCJ9.eyJpc3MiOiJzdXBhYmFzZS1kZW1vIiwicm9sZSI6ImFub24iLCJleHAiOjE5ODM4MTI5OTZ9.CRXP1A7WOeoJeXxjNni43kdQwgnWNReilDMblYTn_I0&vsn=2.0.0 HTTP/1.1" 200 460 "-" "Mozilla/5.0 (Linux; Android 10; K) AppleWebKit/537.36 (KHTML, like Gecko) Chrome/149.0.0.0 Mobile Safari/537.36"
192.168.1.13 - - [09/Jul/2026:17:50:56 +0200] "GET /rest/v1/tavoli?select=*&order=nome.asc HTTP/1.1" 200 1317 "http://192.168.1.250/" "Mozilla/5.0 (Linux; Android 10; K) AppleWebKit/537.36 (KHTML, like Gecko) Chrome/149.0.0.0 Mobile Safari/537.36"
192.168.1.13 - - [09/Jul/2026:17:50:56 +0200] "GET /rest/v1/prodotti?select=*&order=nome.asc HTTP/1.1" 200 7205 "http://192.168.1.250/" "Mozilla/5.0 (Linux; Android 10; K) AppleWebKit/537.36 (KHTML, like Gecko) Chrome/149.0.0.0 Mobile Safari/537.36"
192.168.1.13 - - [09/Jul/2026:17:50:56 +0200] "GET /rest/v1/ingredienti?select=* HTTP/1.1" 200 1897 "http://192.168.1.250/" "Mozilla/5.0 (Linux; Android 10; K) AppleWebKit/537.36 (KHTML, like Gecko) Chrome/149.0.0.0 Mobile Safari/537.36"
192.168.1.13 - - [09/Jul/2026:17:50:56 +0200] "GET /rest/v1/prenotazioni?select=*&data=eq.2026-07-09&status=in.%28CONFERMATA%2CARRIVATA%29&order=ora.asc HTTP/1.1" 200 2 "http://192.168.1.250/" "Mozilla/5.0 (Linux; Android 10; K) AppleWebKit/537.36 (KHTML, like Gecko) Chrome/149.0.0.0 Mobile Safari/537.36"
192.168.1.13 - - [09/Jul/2026:17:50:56 +0200] "GET /rest/v1/prodotti?select=id&limit=1 HTTP/1.1" 200 78 "http://192.168.1.250/" "Mozilla/5.0 (Linux; Android 10; K) AppleWebKit/537.36 (KHTML, like Gecko) Chrome/149.0.0.0 Mobile Safari/537.36"
192.168.1.13 - - [09/Jul/2026:17:50:57 +0200] "GET /realtime/v1/websocket?apikey=eyJhbGciOiJIUzI1NiIsInR5cCI6IkpXVCJ9.eyJpc3MiOiJzdXBhYmFzZS1kZW1vIiwicm9sZSI6ImFub24iLCJleHAiOjE5ODM4MTI5OTZ9.CRXP1A7WOeoJeXxjNni43kdQwgnWNReilDMblYTn_I0&vsn=2.0.0 HTTP/1.1" 200 460 "-" "Mozilla/5.0 (Linux; Android 10; K) AppleWebKit/537.36 (KHTML, like Gecko) Chrome/149.0.0.0 Mobile Safari/537.36"
192.168.1.13 - - [09/Jul/2026:17:50:57 +0200] "GET /rest/v1/ordini?select=*&nome_cliente=eq.Tavolo+1&status=eq.IN_ATTESA&order=created_at.desc&limit=1 HTTP/1.1" 200 507 "http://192.168.1.250/" "Mozilla/5.0 (Linux; Android 10; K) AppleWebKit/537.36 (KHTML, like Gecko) Chrome/149.0.0.0 Mobile Safari/537.36"
192.168.1.13 - - [09/Jul/2026:17:50:59 +0200] "GET /realtime/v1/websocket?apikey=eyJhbGciOiJIUzI1NiIsInR5cCI6IkpXVCJ9.eyJpc3MiOiJzdXBhYmFzZS1kZW1vIiwicm9sZSI6ImFub24iLCJleHAiOjE5ODM4MTI5OTZ9.CRXP1A7WOeoJeXxjNni43kdQwgnWNReilDMblYTn_I0&vsn=2.0.0 HTTP/1.1" 200 460 "-" "Mozilla/5.0 (Linux; Android 10; K) AppleWebKit/537.36 (KHTML, like Gecko) Chrome/149.0.0.0 Mobile Safari/537.36"
192.168.1.13 - - [09/Jul/2026:17:51:04 +0200] "GET /realtime/v1/websocket?apikey=eyJhbGciOiJIUzI1NiIsInR5cCI6IkpXVCJ9.eyJpc3MiOiJzdXBhYmFzZS1kZW1vIiwicm9sZSI6ImFub24iLCJleHAiOjE5ODM4MTI5OTZ9.CRXP1A7WOeoJeXxjNni43kdQwgnWNReilDMblYTn_I0&vsn=2.0.0 HTTP/1.1" 200 460 "-" "Mozilla/5.0 (Linux; Android 10; K) AppleWebKit/537.36 (KHTML, like Gecko) Chrome/149.0.0.0 Mobile Safari/537.36"
192.168.1.13 - - [09/Jul/2026:17:51:05 +0200] "GET /rest/v1/ordini?select=*&nome_cliente=eq.Tavolo+4&status=eq.IN_ATTESA&order=created_at.desc&limit=1 HTTP/1.1" 200 2 "http://192.168.1.250/" "Mozilla/5.0 (Linux; Android 10; K) AppleWebKit/537.36 (KHTML, like Gecko) Chrome/149.0.0.0 Mobile Safari/537.36"
192.168.1.13 - - [09/Jul/2026:17:51:14 +0200] "GET /realtime/v1/websocket?apikey=eyJhbGciOiJIUzI1NiIsInR5cCI6IkpXVCJ9.eyJpc3MiOiJzdXBhYmFzZS1kZW1vIiwicm9sZSI6ImFub24iLCJleHAiOjE5ODM4MTI5OTZ9.CRXP1A7WOeoJeXxjNni43kdQwgnWNReilDMblYTn_I0&vsn=2.0.0 HTTP/1.1" 200 460 "-" "Mozilla/5.0 (Linux; Android 10; K) AppleWebKit/537.36 (KHTML, like Gecko) Chrome/149.0.0.0 Mobile Safari/537.36"
192.168.1.13 - - [09/Jul/2026:17:51:18 +0200] "POST /rest/v1/ordini?columns=%22nome_cliente%22%2C%22orario_ritiro%22%2C%22totale%22%2C%22status%22%2C%22carrello%22 HTTP/1.1" 201 0 "http://192.168.1.250/" "Mozilla/5.0 (Linux; Android 10; K) AppleWebKit/537.36 (KHTML, like Gecko) Chrome/149.0.0.0 Mobile Safari/537.36"
192.168.1.13 - - [09/Jul/2026:17:51:18 +0200] "PATCH /rest/v1/tavoli?id=eq.ff79ddfc-ff07-494e-b85e-4d28c540370e HTTP/1.1" 204 0 "http://192.168.1.250/" "Mozilla/5.0 (Linux; Android 10; K) AppleWebKit/537.36 (KHTML, like Gecko) Chrome/149.0.0.0 Mobile Safari/537.36"
192.168.1.13 - - [09/Jul/2026:17:51:24 +0200] "GET /realtime/v1/websocket?apikey=eyJhbGciOiJIUzI1NiIsInR5cCI6IkpXVCJ9.eyJpc3MiOiJzdXBhYmFzZS1kZW1vIiwicm9sZSI6ImFub24iLCJleHAiOjE5ODM4MTI5OTZ9.CRXP1A7WOeoJeXxjNni43kdQwgnWNReilDMblYTn_I0&vsn=2.0.0 HTTP/1.1" 200 460 "-" "Mozilla/5.0 (Linux; Android 10; K) AppleWebKit/537.36 (KHTML, like Gecko) Chrome/149.0.0.0 Mobile Safari/537.36"
192.168.1.250 - - [09/Jul/2026:18:42:42 +0200] "GET / HTTP/1.1" 200 460 "-" "Mozilla/5.0 (Windows NT 10.0; Win64; x64) AppleWebKit/537.36 (KHTML, like Gecko) Chrome/149.0.0.0 Safari/537.36"
192.168.1.250 - - [09/Jul/2026:18:42:42 +0200] "GET /assets/index-LKHpzJFq.js HTTP/1.1" 200 426142 "http://192.168.1.250/" "Mozilla/5.0 (Windows NT 10.0; Win64; x64) AppleWebKit/537.36 (KHTML, like Gecko) Chrome/149.0.0.0 Safari/537.36"
192.168.1.250 - - [09/Jul/2026:18:42:42 +0200] "GET /registerSW.js HTTP/1.1" 200 137 "http://192.168.1.250/" "Mozilla/5.0 (Windows NT 10.0; Win64; x64) AppleWebKit/537.36 (KHTML, like Gecko) Chrome/149.0.0.0 Safari/537.36"
192.168.1.250 - - [09/Jul/2026:18:42:42 +0200] "GET /assets/index-3VVwHbjW.css HTTP/1.1" 200 18101 "http://192.168.1.250/" "Mozilla/5.0 (Windows NT 10.0; Win64; x64) AppleWebKit/537.36 (KHTML, like Gecko) Chrome/149.0.0.0 Safari/537.36"
192.168.1.250 - - [09/Jul/2026:18:42:42 +0200] "GET /realtime/v1/websocket?apikey=eyJhbGciOiJIUzI1NiIsInR5cCI6IkpXVCJ9.eyJpc3MiOiJzdXBhYmFzZS1kZW1vIiwicm9sZSI6ImFub24iLCJleHAiOjE5ODM4MTI5OTZ9.CRXP1A7WOeoJeXxjNni43kdQwgnWNReilDMblYTn_I0&vsn=2.0.0 HTTP/1.1" 200 460 "-" "Mozilla/5.0 (Windows NT 10.0; Win64; x64) AppleWebKit/537.36 (KHTML, like Gecko) Chrome/149.0.0.0 Safari/537.36"
192.168.1.250 - - [09/Jul/2026:18:42:42 +0200] "GET /favicon.svg HTTP/1.1" 200 9522 "http://192.168.1.250/" "Mozilla/5.0 (Windows NT 10.0; Win64; x64) AppleWebKit/537.36 (KHTML, like Gecko) Chrome/149.0.0.0 Safari/537.36"
192.168.1.250 - - [09/Jul/2026:18:42:42 +0200] "GET /rest/v1/prodotti?select=id&limit=1 HTTP/1.1" 200 78 "http://192.168.1.250/" "Mozilla/5.0 (Windows NT 10.0; Win64; x64) AppleWebKit/537.36 (KHTML, like Gecko) Chrome/149.0.0.0 Safari/537.36"
192.168.1.250 - - [09/Jul/2026:18:42:42 +0200] "GET /rest/v1/prenotazioni?select=*&data=eq.2026-07-09&order=ora.asc HTTP/1.1" 200 2 "http://192.168.1.250/" "Mozilla/5.0 (Windows NT 10.0; Win64; x64) AppleWebKit/537.36 (KHTML, like Gecko) Chrome/149.0.0.0 Safari/537.36"
192.168.1.250 - - [09/Jul/2026:18:42:42 +0200] "GET /rest/v1/tavoli?select=*&order=nome.asc HTTP/1.1" 200 1335 "http://192.168.1.250/" "Mozilla/5.0 (Windows NT 10.0; Win64; x64) AppleWebKit/537.36 (KHTML, like Gecko) Chrome/149.0.0.0 Safari/537.36"
192.168.1.250 - - [09/Jul/2026:18:42:43 +0200] "GET /realtime/v1/websocket?apikey=eyJhbGciOiJIUzI1NiIsInR5cCI6IkpXVCJ9.eyJpc3MiOiJzdXBhYmFzZS1kZW1vIiwicm9sZSI6ImFub24iLCJleHAiOjE5ODM4MTI5OTZ9.CRXP1A7WOeoJeXxjNni43kdQwgnWNReilDMblYTn_I0&vsn=2.0.0 HTTP/1.1" 200 460 "-" "Mozilla/5.0 (Windows NT 10.0; Win64; x64) AppleWebKit/537.36 (KHTML, like Gecko) Chrome/149.0.0.0 Safari/537.36"
192.168.1.250 - - [09/Jul/2026:18:42:45 +0200] "GET /realtime/v1/websocket?apikey=eyJhbGciOiJIUzI1NiIsInR5cCI6IkpXVCJ9.eyJpc3MiOiJzdXBhYmFzZS1kZW1vIiwicm9sZSI6ImFub24iLCJleHAiOjE5ODM4MTI5OTZ9.CRXP1A7WOeoJeXxjNni43kdQwgnWNReilDMblYTn_I0&vsn=2.0.0 HTTP/1.1" 200 460 "-" "Mozilla/5.0 (Windows NT 10.0; Win64; x64) AppleWebKit/537.36 (KHTML, like Gecko) Chrome/149.0.0.0 Safari/537.36"
192.168.1.250 - - [09/Jul/2026:18:42:50 +0200] "GET /realtime/v1/websocket?apikey=eyJhbGciOiJIUzI1NiIsInR5cCI6IkpXVCJ9.eyJpc3MiOiJzdXBhYmFzZS1kZW1vIiwicm9sZSI6ImFub24iLCJleHAiOjE5ODM4MTI5OTZ9.CRXP1A7WOeoJeXxjNni43kdQwgnWNReilDMblYTn_I0&vsn=2.0.0 HTTP/1.1" 200 460 "-" "Mozilla/5.0 (Windows NT 10.0; Win64; x64) AppleWebKit/537.36 (KHTML, like Gecko) Chrome/149.0.0.0 Safari/537.36"
192.168.1.21 - - [09/Jul/2026:18:42:52 +0200] "GET / HTTP/1.1" 200 460 "-" "Mozilla/5.0 (Linux; Android 10; K) AppleWebKit/537.36 (KHTML, like Gecko) Chrome/149.0.0.0 Mobile Safari/537.36"
192.168.1.21 - - [09/Jul/2026:18:42:53 +0200] "GET /registerSW.js HTTP/1.1" 200 137 "http://192.168.1.250/" "Mozilla/5.0 (Linux; Android 10; K) AppleWebKit/537.36 (KHTML, like Gecko) Chrome/149.0.0.0 Mobile Safari/537.36"
192.168.1.21 - - [09/Jul/2026:18:42:53 +0200] "GET /assets/index-3VVwHbjW.css HTTP/1.1" 200 18101 "http://192.168.1.250/" "Mozilla/5.0 (Linux; Android 10; K) AppleWebKit/537.36 (KHTML, like Gecko) Chrome/149.0.0.0 Mobile Safari/537.36"
192.168.1.21 - - [09/Jul/2026:18:42:54 +0200] "GET /assets/index-LKHpzJFq.js HTTP/1.1" 200 426158 "http://192.168.1.250/" "Mozilla/5.0 (Linux; Android 10; K) AppleWebKit/537.36 (KHTML, like Gecko) Chrome/149.0.0.0 Mobile Safari/537.36"
192.168.1.21 - - [09/Jul/2026:18:42:55 +0200] "GET /rest/v1/tavoli?select=*&order=nome.asc HTTP/1.1" 200 1335 "http://192.168.1.250/" "Mozilla/5.0 (Linux; Android 10; K) AppleWebKit/537.36 (KHTML, like Gecko) Chrome/149.0.0.0 Mobile Safari/537.36"
192.168.1.21 - - [09/Jul/2026:18:42:55 +0200] "GET /rest/v1/ingredienti?select=* HTTP/1.1" 200 1897 "http://192.168.1.250/" "Mozilla/5.0 (Linux; Android 10; K) AppleWebKit/537.36 (KHTML, like Gecko) Chrome/149.0.0.0 Mobile Safari/537.36"
192.168.1.21 - - [09/Jul/2026:18:42:55 +0200] "GET /rest/v1/prodotti?select=*&order=nome.asc HTTP/1.1" 200 7205 "http://192.168.1.250/" "Mozilla/5.0 (Linux; Android 10; K) AppleWebKit/537.36 (KHTML, like Gecko) Chrome/149.0.0.0 Mobile Safari/537.36"
192.168.1.21 - - [09/Jul/2026:18:42:55 +0200] "GET /realtime/v1/websocket?apikey=eyJhbGciOiJIUzI1NiIsInR5cCI6IkpXVCJ9.eyJpc3MiOiJzdXBhYmFzZS1kZW1vIiwicm9sZSI6ImFub24iLCJleHAiOjE5ODM4MTI5OTZ9.CRXP1A7WOeoJeXxjNni43kdQwgnWNReilDMblYTn_I0&vsn=2.0.0 HTTP/1.1" 200 460 "-" "Mozilla/5.0 (Linux; Android 10; K) AppleWebKit/537.36 (KHTML, like Gecko) Chrome/149.0.0.0 Mobile Safari/537.36"
192.168.1.21 - - [09/Jul/2026:18:42:55 +0200] "GET /rest/v1/prodotti?select=id&limit=1 HTTP/1.1" 200 78 "http://192.168.1.250/" "Mozilla/5.0 (Linux; Android 10; K) AppleWebKit/537.36 (KHTML, like Gecko) Chrome/149.0.0.0 Mobile Safari/537.36"
192.168.1.21 - - [09/Jul/2026:18:42:55 +0200] "GET /rest/v1/prenotazioni?select=*&data=eq.2026-07-09&status=in.%28CONFERMATA%2CARRIVATA%29&order=ora.asc HTTP/1.1" 200 2 "http://192.168.1.250/" "Mozilla/5.0 (Linux; Android 10; K) AppleWebKit/537.36 (KHTML, like Gecko) Chrome/149.0.0.0 Mobile Safari/537.36"
192.168.1.21 - - [09/Jul/2026:18:42:57 +0200] "GET /realtime/v1/websocket?apikey=eyJhbGciOiJIUzI1NiIsInR5cCI6IkpXVCJ9.eyJpc3MiOiJzdXBhYmFzZS1kZW1vIiwicm9sZSI6ImFub24iLCJleHAiOjE5ODM4MTI5OTZ9.CRXP1A7WOeoJeXxjNni43kdQwgnWNReilDMblYTn_I0&vsn=2.0.0 HTTP/1.1" 200 460 "-" "Mozilla/5.0 (Linux; Android 10; K) AppleWebKit/537.36 (KHTML, like Gecko) Chrome/149.0.0.0 Mobile Safari/537.36"
192.168.1.21 - - [09/Jul/2026:18:42:58 +0200] "GET /manifest.webmanifest HTTP/1.1" 200 472 "http://192.168.1.250/" "Mozilla/5.0 (Linux; Android 10; K) AppleWebKit/537.36 (KHTML, like Gecko) Chrome/149.0.0.0 Mobile Safari/537.36"
192.168.1.21 - - [09/Jul/2026:18:42:58 +0200] "GET /pwa-512x512.png HTTP/1.1" 200 8590 "http://192.168.1.250/" "Mozilla/5.0 (Linux; Android 10; K) AppleWebKit/537.36 (KHTML, like Gecko) Chrome/149.0.0.0 Mobile Safari/537.36"
192.168.1.21 - - [09/Jul/2026:18:42:59 +0200] "GET /realtime/v1/websocket?apikey=eyJhbGciOiJIUzI1NiIsInR5cCI6IkpXVCJ9.eyJpc3MiOiJzdXBhYmFzZS1kZW1vIiwicm9sZSI6ImFub24iLCJleHAiOjE5ODM4MTI5OTZ9.CRXP1A7WOeoJeXxjNni43kdQwgnWNReilDMblYTn_I0&vsn=2.0.0 HTTP/1.1" 200 460 "-" "Mozilla/5.0 (Linux; Android 10; K) AppleWebKit/537.36 (KHTML, like Gecko) Chrome/149.0.0.0 Mobile Safari/537.36"
192.168.1.250 - - [09/Jul/2026:18:43:00 +0200] "GET /realtime/v1/websocket?apikey=eyJhbGciOiJIUzI1NiIsInR5cCI6IkpXVCJ9.eyJpc3MiOiJzdXBhYmFzZS1kZW1vIiwicm9sZSI6ImFub24iLCJleHAiOjE5ODM4MTI5OTZ9.CRXP1A7WOeoJeXxjNni43kdQwgnWNReilDMblYTn_I0&vsn=2.0.0 HTTP/1.1" 200 460 "-" "Mozilla/5.0 (Windows NT 10.0; Win64; x64) AppleWebKit/537.36 (KHTML, like Gecko) Chrome/149.0.0.0 Safari/537.36"
192.168.1.21 - - [09/Jul/2026:18:43:02 +0200] "GET / HTTP/1.1" 200 460 "-" "Mozilla/5.0 (Linux; Android 10; K) AppleWebKit/537.36 (KHTML, like Gecko) Chrome/149.0.0.0 Mobile Safari/537.36"
192.168.1.21 - - [09/Jul/2026:18:43:02 +0200] "GET /realtime/v1/websocket?apikey=eyJhbGciOiJIUzI1NiIsInR5cCI6IkpXVCJ9.eyJpc3MiOiJzdXBhYmFzZS1kZW1vIiwicm9sZSI6ImFub24iLCJleHAiOjE5ODM4MTI5OTZ9.CRXP1A7WOeoJeXxjNni43kdQwgnWNReilDMblYTn_I0&vsn=2.0.0 HTTP/1.1" 200 460 "-" "Mozilla/5.0 (Linux; Android 10; K) AppleWebKit/537.36 (KHTML, like Gecko) Chrome/149.0.0.0 Mobile Safari/537.36"
192.168.1.21 - - [09/Jul/2026:18:43:03 +0200] "GET /rest/v1/prenotazioni?select=*&data=eq.2026-07-09&status=in.%28CONFERMATA%2CARRIVATA%29&order=ora.asc HTTP/1.1" 200 2 "http://192.168.1.250/" "Mozilla/5.0 (Linux; Android 10; K) AppleWebKit/537.36 (KHTML, like Gecko) Chrome/149.0.0.0 Mobile Safari/537.36"
192.168.1.21 - - [09/Jul/2026:18:43:03 +0200] "GET /rest/v1/prodotti?select=id&limit=1 HTTP/1.1" 200 78 "http://192.168.1.250/" "Mozilla/5.0 (Linux; Android 10; K) AppleWebKit/537.36 (KHTML, like Gecko) Chrome/149.0.0.0 Mobile Safari/537.36"
192.168.1.21 - - [09/Jul/2026:18:43:03 +0200] "GET /rest/v1/tavoli?select=*&order=nome.asc HTTP/1.1" 200 1335 "http://192.168.1.250/" "Mozilla/5.0 (Linux; Android 10; K) AppleWebKit/537.36 (KHTML, like Gecko) Chrome/149.0.0.0 Mobile Safari/537.36"
192.168.1.21 - - [09/Jul/2026:18:43:03 +0200] "GET /rest/v1/ingredienti?select=* HTTP/1.1" 200 1897 "http://192.168.1.250/" "Mozilla/5.0 (Linux; Android 10; K) AppleWebKit/537.36 (KHTML, like Gecko) Chrome/149.0.0.0 Mobile Safari/537.36"
192.168.1.21 - - [09/Jul/2026:18:43:03 +0200] "GET /rest/v1/prodotti?select=*&order=nome.asc HTTP/1.1" 200 7205 "http://192.168.1.250/" "Mozilla/5.0 (Linux; Android 10; K) AppleWebKit/537.36 (KHTML, like Gecko) Chrome/149.0.0.0 Mobile Safari/537.36"
192.168.1.21 - - [09/Jul/2026:18:43:03 +0200] "GET /realtime/v1/websocket?apikey=eyJhbGciOiJIUzI1NiIsInR5cCI6IkpXVCJ9.eyJpc3MiOiJzdXBhYmFzZS1kZW1vIiwicm9sZSI6ImFub24iLCJleHAiOjE5ODM4MTI5OTZ9.CRXP1A7WOeoJeXxjNni43kdQwgnWNReilDMblYTn_I0&vsn=2.0.0 HTTP/1.1" 200 460 "-" "Mozilla/5.0 (Linux; Android 10; K) AppleWebKit/537.36 (KHTML, like Gecko) Chrome/149.0.0.0 Mobile Safari/537.36"
192.168.1.21 - - [09/Jul/2026:18:43:04 +0200] "GET /rest/v1/ordini?select=*&nome_cliente=eq.Tavolo+1&status=eq.IN_ATTESA&order=created_at.desc&limit=1 HTTP/1.1" 200 507 "http://192.168.1.250/" "Mozilla/5.0 (Linux; Android 10; K) AppleWebKit/537.36 (KHTML, like Gecko) Chrome/149.0.0.0 Mobile Safari/537.36"
192.168.1.21 - - [09/Jul/2026:18:43:04 +0200] "GET /realtime/v1/websocket?apikey=eyJhbGciOiJIUzI1NiIsInR5cCI6IkpXVCJ9.eyJpc3MiOiJzdXBhYmFzZS1kZW1vIiwicm9sZSI6ImFub24iLCJleHAiOjE5ODM4MTI5OTZ9.CRXP1A7WOeoJeXxjNni43kdQwgnWNReilDMblYTn_I0&vsn=2.0.0 HTTP/1.1" 200 460 "-" "Mozilla/5.0 (Linux; Android 10; K) AppleWebKit/537.36 (KHTML, like Gecko) Chrome/149.0.0.0 Mobile Safari/537.36"
192.168.1.21 - - [09/Jul/2026:18:43:06 +0200] "GET /realtime/v1/websocket?apikey=eyJhbGciOiJIUzI1NiIsInR5cCI6IkpXVCJ9.eyJpc3MiOiJzdXBhYmFzZS1kZW1vIiwicm9sZSI6ImFub24iLCJleHAiOjE5ODM4MTI5OTZ9.CRXP1A7WOeoJeXxjNni43kdQwgnWNReilDMblYTn_I0&vsn=2.0.0 HTTP/1.1" 200 460 "-" "Mozilla/5.0 (Linux; Android 10; K) AppleWebKit/537.36 (KHTML, like Gecko) Chrome/149.0.0.0 Mobile Safari/537.36"
192.168.1.250 - - [09/Jul/2026:18:43:10 +0200] "GET /realtime/v1/websocket?apikey=eyJhbGciOiJIUzI1NiIsInR5cCI6IkpXVCJ9.eyJpc3MiOiJzdXBhYmFzZS1kZW1vIiwicm9sZSI6ImFub24iLCJleHAiOjE5ODM4MTI5OTZ9.CRXP1A7WOeoJeXxjNni43kdQwgnWNReilDMblYTn_I0&vsn=2.0.0 HTTP/1.1" 200 460 "-" "Mozilla/5.0 (Windows NT 10.0; Win64; x64) AppleWebKit/537.36 (KHTML, like Gecko) Chrome/149.0.0.0 Safari/537.36"
192.168.1.21 - - [09/Jul/2026:18:43:12 +0200] "GET /realtime/v1/websocket?apikey=eyJhbGciOiJIUzI1NiIsInR5cCI6IkpXVCJ9.eyJpc3MiOiJzdXBhYmFzZS1kZW1vIiwicm9sZSI6ImFub24iLCJleHAiOjE5ODM4MTI5OTZ9.CRXP1A7WOeoJeXxjNni43kdQwgnWNReilDMblYTn_I0&vsn=2.0.0 HTTP/1.1" 200 460 "-" "Mozilla/5.0 (Linux; Android 10; K) AppleWebKit/537.36 (KHTML, like Gecko) Chrome/149.0.0.0 Mobile Safari/537.36"
192.168.1.250 - - [09/Jul/2026:18:43:20 +0200] "GET /realtime/v1/websocket?apikey=eyJhbGciOiJIUzI1NiIsInR5cCI6IkpXVCJ9.eyJpc3MiOiJzdXBhYmFzZS1kZW1vIiwicm9sZSI6ImFub24iLCJleHAiOjE5ODM4MTI5OTZ9.CRXP1A7WOeoJeXxjNni43kdQwgnWNReilDMblYTn_I0&vsn=2.0.0 HTTP/1.1" 200 460 "-" "Mozilla/5.0 (Windows NT 10.0; Win64; x64) AppleWebKit/537.36 (KHTML, like Gecko) Chrome/149.0.0.0 Safari/537.36"
192.168.1.21 - - [09/Jul/2026:18:43:22 +0200] "GET /realtime/v1/websocket?apikey=eyJhbGciOiJIUzI1NiIsInR5cCI6IkpXVCJ9.eyJpc3MiOiJzdXBhYmFzZS1kZW1vIiwicm9sZSI6ImFub24iLCJleHAiOjE5ODM4MTI5OTZ9.CRXP1A7WOeoJeXxjNni43kdQwgnWNReilDMblYTn_I0&vsn=2.0.0 HTTP/1.1" 200 460 "-" "Mozilla/5.0 (Linux; Android 10; K) AppleWebKit/537.36 (KHTML, like Gecko) Chrome/149.0.0.0 Mobile Safari/537.36"
192.168.1.250 - - [09/Jul/2026:18:43:30 +0200] "GET /realtime/v1/websocket?apikey=eyJhbGciOiJIUzI1NiIsInR5cCI6IkpXVCJ9.eyJpc3MiOiJzdXBhYmFzZS1kZW1vIiwicm9sZSI6ImFub24iLCJleHAiOjE5ODM4MTI5OTZ9.CRXP1A7WOeoJeXxjNni43kdQwgnWNReilDMblYTn_I0&vsn=2.0.0 HTTP/1.1" 200 460 "-" "Mozilla/5.0 (Windows NT 10.0; Win64; x64) AppleWebKit/537.36 (KHTML, like Gecko) Chrome/149.0.0.0 Safari/537.36"
192.168.1.21 - - [09/Jul/2026:18:43:32 +0200] "GET /realtime/v1/websocket?apikey=eyJhbGciOiJIUzI1NiIsInR5cCI6IkpXVCJ9.eyJpc3MiOiJzdXBhYmFzZS1kZW1vIiwicm9sZSI6ImFub24iLCJleHAiOjE5ODM4MTI5OTZ9.CRXP1A7WOeoJeXxjNni43kdQwgnWNReilDMblYTn_I0&vsn=2.0.0 HTTP/1.1" 200 460 "-" "Mozilla/5.0 (Linux; Android 10; K) AppleWebKit/537.36 (KHTML, like Gecko) Chrome/149.0.0.0 Mobile Safari/537.36"
192.168.1.250 - - [09/Jul/2026:18:43:34 +0200] "GET /assets/index-3VVwHbjW.css HTTP/1.1" 304 0 "http://192.168.1.250/" "Mozilla/5.0 (Windows NT 10.0; Win64; x64) AppleWebKit/537.36 (KHTML, like Gecko) Chrome/149.0.0.0 Safari/537.36"
192.168.1.250 - - [09/Jul/2026:18:43:34 +0200] "GET /manifest.webmanifest HTTP/1.1" 200 472 "http://192.168.1.250/" "Mozilla/5.0 (Windows NT 10.0; Win64; x64) AppleWebKit/537.36 (KHTML, like Gecko) Chrome/149.0.0.0 Safari/537.36"
192.168.1.250 - - [09/Jul/2026:18:43:40 +0200] "GET /realtime/v1/websocket?apikey=eyJhbGciOiJIUzI1NiIsInR5cCI6IkpXVCJ9.eyJpc3MiOiJzdXBhYmFzZS1kZW1vIiwicm9sZSI6ImFub24iLCJleHAiOjE5ODM4MTI5OTZ9.CRXP1A7WOeoJeXxjNni43kdQwgnWNReilDMblYTn_I0&vsn=2.0.0 HTTP/1.1" 200 460 "-" "Mozilla/5.0 (Windows NT 10.0; Win64; x64) AppleWebKit/537.36 (KHTML, like Gecko) Chrome/149.0.0.0 Safari/537.36"
192.168.1.21 - - [09/Jul/2026:18:43:43 +0200] "GET /realtime/v1/websocket?apikey=eyJhbGciOiJIUzI1NiIsInR5cCI6IkpXVCJ9.eyJpc3MiOiJzdXBhYmFzZS1kZW1vIiwicm9sZSI6ImFub24iLCJleHAiOjE5ODM4MTI5OTZ9.CRXP1A7WOeoJeXxjNni43kdQwgnWNReilDMblYTn_I0&vsn=2.0.0 HTTP/1.1" 200 460 "-" "Mozilla/5.0 (Linux; Android 10; K) AppleWebKit/537.36 (KHTML, like Gecko) Chrome/149.0.0.0 Mobile Safari/537.36"
192.168.1.21 - - [09/Jul/2026:18:43:53 +0200] "GET /realtime/v1/websocket?apikey=eyJhbGciOiJIUzI1NiIsInR5cCI6IkpXVCJ9.eyJpc3MiOiJzdXBhYmFzZS1kZW1vIiwicm9sZSI6ImFub24iLCJleHAiOjE5ODM4MTI5OTZ9.CRXP1A7WOeoJeXxjNni43kdQwgnWNReilDMblYTn_I0&vsn=2.0.0 HTTP/1.1" 200 460 "-" "Mozilla/5.0 (Linux; Android 10; K) AppleWebKit/537.36 (KHTML, like Gecko) Chrome/149.0.0.0 Mobile Safari/537.36"
192.168.1.250 - - [09/Jul/2026:18:50:59 +0200] "GET / HTTP/1.1" 200 460 "-" "Mozilla/5.0 (Windows NT 10.0; Win64; x64) AppleWebKit/537.36 (KHTML, like Gecko) Chrome/149.0.0.0 Safari/537.36"
192.168.1.250 - - [09/Jul/2026:18:50:59 +0200] "GET /realtime/v1/websocket?apikey=eyJhbGciOiJIUzI1NiIsInR5cCI6IkpXVCJ9.eyJpc3MiOiJzdXBhYmFzZS1kZW1vIiwicm9sZSI6ImFub24iLCJleHAiOjE5ODM4MTI5OTZ9.CRXP1A7WOeoJeXxjNni43kdQwgnWNReilDMblYTn_I0&vsn=2.0.0 HTTP/1.1" 101 867 "-" "Mozilla/5.0 (Windows NT 10.0; Win64; x64) AppleWebKit/537.36 (KHTML, like Gecko) Chrome/149.0.0.0 Safari/537.36"
192.168.1.250 - - [09/Jul/2026:18:50:59 +0200] "GET /assets/index-LKHpzJFq.js HTTP/1.1" 200 426142 "http://192.168.1.250/" "Mozilla/5.0 (Windows NT 10.0; Win64; x64) AppleWebKit/537.36 (KHTML, like Gecko) Chrome/149.0.0.0 Safari/537.36"
192.168.1.250 - - [09/Jul/2026:18:50:59 +0200] "GET /assets/index-3VVwHbjW.css HTTP/1.1" 200 18101 "http://192.168.1.250/" "Mozilla/5.0 (Windows NT 10.0; Win64; x64) AppleWebKit/537.36 (KHTML, like Gecko) Chrome/149.0.0.0 Safari/537.36"
192.168.1.250 - - [09/Jul/2026:18:50:59 +0200] "GET /registerSW.js HTTP/1.1" 200 137 "http://192.168.1.250/" "Mozilla/5.0 (Windows NT 10.0; Win64; x64) AppleWebKit/537.36 (KHTML, like Gecko) Chrome/149.0.0.0 Safari/537.36"
192.168.1.250 - - [09/Jul/2026:18:50:59 +0200] "GET /rest/v1/prodotti?select=id&limit=1 HTTP/1.1" 200 78 "http://192.168.1.250/" "Mozilla/5.0 (Windows NT 10.0; Win64; x64) AppleWebKit/537.36 (KHTML, like Gecko) Chrome/149.0.0.0 Safari/537.36"
192.168.1.250 - - [09/Jul/2026:18:50:59 +0200] "GET /rest/v1/tavoli?select=*&order=nome.asc HTTP/1.1" 200 1335 "http://192.168.1.250/" "Mozilla/5.0 (Windows NT 10.0; Win64; x64) AppleWebKit/537.36 (KHTML, like Gecko) Chrome/149.0.0.0 Safari/537.36"
192.168.1.250 - - [09/Jul/2026:18:50:59 +0200] "GET /rest/v1/prenotazioni?select=*&data=eq.2026-07-09&order=ora.asc HTTP/1.1" 200 2 "http://192.168.1.250/" "Mozilla/5.0 (Windows NT 10.0; Win64; x64) AppleWebKit/537.36 (KHTML, like Gecko) Chrome/149.0.0.0 Safari/537.36"
192.168.1.21 - - [09/Jul/2026:18:51:07 +0200] "GET /realtime/v1/websocket?apikey=eyJhbGciOiJIUzI1NiIsInR5cCI6IkpXVCJ9.eyJpc3MiOiJzdXBhYmFzZS1kZW1vIiwicm9sZSI6ImFub24iLCJleHAiOjE5ODM4MTI5OTZ9.CRXP1A7WOeoJeXxjNni43kdQwgnWNReilDMblYTn_I0&vsn=2.0.0 HTTP/1.1" 101 0 "-" "Mozilla/5.0 (Linux; Android 10; K) AppleWebKit/537.36 (KHTML, like Gecko) Chrome/149.0.0.0 Mobile Safari/537.36"
192.168.1.250 - - [09/Jul/2026:18:51:21 +0200] "GET /rest/v1/tavoli?select=*&order=nome.asc HTTP/1.1" 200 1335 "http://192.168.1.250/map" "Mozilla/5.0 (Windows NT 10.0; Win64; x64) AppleWebKit/537.36 (KHTML, like Gecko) Chrome/149.0.0.0 Safari/537.36"
192.168.1.250 - - [09/Jul/2026:18:51:21 +0200] "GET /rest/v1/prenotazioni?select=*&data=eq.2026-07-09&status=in.%28CONFERMATA%2CARRIVATA%29&order=ora.asc HTTP/1.1" 200 2 "http://192.168.1.250/map" "Mozilla/5.0 (Windows NT 10.0; Win64; x64) AppleWebKit/537.36 (KHTML, like Gecko) Chrome/149.0.0.0 Safari/537.36"
192.168.1.250 - - [09/Jul/2026:18:51:21 +0200] "GET /rest/v1/ordini?select=created_at&nome_cliente=eq.Tavolo+1&status=eq.IN_ATTESA&order=created_at.asc&limit=1 HTTP/1.1" 200 82 "http://192.168.1.250/map" "Mozilla/5.0 (Windows NT 10.0; Win64; x64) AppleWebKit/537.36 (KHTML, like Gecko) Chrome/149.0.0.0 Safari/537.36"
192.168.1.250 - - [09/Jul/2026:18:51:21 +0200] "GET /rest/v1/ordini?select=created_at&nome_cliente=eq.TAVOLO+DI+TEST+%28NON+USARE%29&status=eq.IN_ATTESA&order=created_at.asc&limit=1 HTTP/1.1" 200 82 "http://192.168.1.250/map" "Mozilla/5.0 (Windows NT 10.0; Win64; x64) AppleWebKit/537.36 (KHTML, like Gecko) Chrome/149.0.0.0 Safari/537.36"
192.168.1.250 - - [09/Jul/2026:18:51:21 +0200] "GET /rest/v1/ordini?select=created_at&nome_cliente=eq.Tavolo+4&status=eq.IN_ATTESA&order=created_at.asc&limit=1 HTTP/1.1" 200 82 "http://192.168.1.250/map" "Mozilla/5.0 (Windows NT 10.0; Win64; x64) AppleWebKit/537.36 (KHTML, like Gecko) Chrome/149.0.0.0 Safari/537.36"
192.168.1.250 - - [09/Jul/2026:18:51:32 +0200] "GET /rest/v1/prenotazioni?select=*&data=eq.2026-07-09&order=ora.asc HTTP/1.1" 200 2 "http://192.168.1.250/" "Mozilla/5.0 (Windows NT 10.0; Win64; x64) AppleWebKit/537.36 (KHTML, like Gecko) Chrome/149.0.0.0 Safari/537.36"
192.168.1.250 - - [09/Jul/2026:18:51:32 +0200] "GET /rest/v1/tavoli?select=*&order=nome.asc HTTP/1.1" 200 1335 "http://192.168.1.250/" "Mozilla/5.0 (Windows NT 10.0; Win64; x64) AppleWebKit/537.36 (KHTML, like Gecko) Chrome/149.0.0.0 Safari/537.36"
192.168.1.250 - - [09/Jul/2026:18:51:37 +0200] "GET /rest/v1/prodotti?select=*&order=categoria.asc%2Cnome.asc HTTP/1.1" 200 7150 "http://192.168.1.250/pos" "Mozilla/5.0 (Windows NT 10.0; Win64; x64) AppleWebKit/537.36 (KHTML, like Gecko) Chrome/149.0.0.0 Safari/537.36"
192.168.1.250 - - [09/Jul/2026:18:51:37 +0200] "GET /rest/v1/ingredienti?select=* HTTP/1.1" 200 1897 "http://192.168.1.250/pos" "Mozilla/5.0 (Windows NT 10.0; Win64; x64) AppleWebKit/537.36 (KHTML, like Gecko) Chrome/149.0.0.0 Safari/537.36"
192.168.1.21 - - [09/Jul/2026:18:51:50 +0200] "GET /realtime/v1/websocket?apikey=eyJhbGciOiJIUzI1NiIsInR5cCI6IkpXVCJ9.eyJpc3MiOiJzdXBhYmFzZS1kZW1vIiwicm9sZSI6ImFub24iLCJleHAiOjE5ODM4MTI5OTZ9.CRXP1A7WOeoJeXxjNni43kdQwgnWNReilDMblYTn_I0&vsn=2.0.0 HTTP/1.1" 101 11848 "-" "Mozilla/5.0 (Linux; Android 10; K) AppleWebKit/537.36 (KHTML, like Gecko) Chrome/149.0.0.0 Mobile Safari/537.36"
192.168.1.250 - - [09/Jul/2026:18:51:51 +0200] "GET /rest/v1/tavoli?select=*&order=nome.asc HTTP/1.1" 200 1335 "http://192.168.1.250/" "Mozilla/5.0 (Windows NT 10.0; Win64; x64) AppleWebKit/537.36 (KHTML, like Gecko) Chrome/149.0.0.0 Safari/537.36"
192.168.1.250 - - [09/Jul/2026:18:51:51 +0200] "GET /rest/v1/prenotazioni?select=*&data=eq.2026-07-09&order=ora.asc HTTP/1.1" 200 2 "http://192.168.1.250/" "Mozilla/5.0 (Windows NT 10.0; Win64; x64) AppleWebKit/537.36 (KHTML, like Gecko) Chrome/149.0.0.0 Safari/537.36"
192.168.1.250 - - [09/Jul/2026:18:51:59 +0200] "GET /assets/index-3VVwHbjW.css HTTP/1.1" 304 0 "http://192.168.1.250/" "Mozilla/5.0 (Windows NT 10.0; Win64; x64) AppleWebKit/537.36 (KHTML, like Gecko) Chrome/149.0.0.0 Safari/537.36"
192.168.1.250 - - [09/Jul/2026:18:51:59 +0200] "GET /manifest.webmanifest HTTP/1.1" 200 472 "http://192.168.1.250/" "Mozilla/5.0 (Windows NT 10.0; Win64; x64) AppleWebKit/537.36 (KHTML, like Gecko) Chrome/149.0.0.0 Safari/537.36"
192.168.1.250 - - [09/Jul/2026:18:55:20 +0200] "GET / HTTP/1.1" 304 0 "-" "Mozilla/5.0 (Windows NT 10.0; Win64; x64) AppleWebKit/537.36 (KHTML, like Gecko) Chrome/149.0.0.0 Safari/537.36"
192.168.1.250 - - [09/Jul/2026:18:55:20 +0200] "GET /realtime/v1/websocket?apikey=eyJhbGciOiJIUzI1NiIsInR5cCI6IkpXVCJ9.eyJpc3MiOiJzdXBhYmFzZS1kZW1vIiwicm9sZSI6ImFub24iLCJleHAiOjE5ODM4MTI5OTZ9.CRXP1A7WOeoJeXxjNni43kdQwgnWNReilDMblYTn_I0&vsn=2.0.0 HTTP/1.1" 101 5262 "-" "Mozilla/5.0 (Windows NT 10.0; Win64; x64) AppleWebKit/537.36 (KHTML, like Gecko) Chrome/149.0.0.0 Safari/537.36"
192.168.1.250 - - [09/Jul/2026:18:55:20 +0200] "GET /assets/index-LKHpzJFq.js HTTP/1.1" 304 0 "http://192.168.1.250/" "Mozilla/5.0 (Windows NT 10.0; Win64; x64) AppleWebKit/537.36 (KHTML, like Gecko) Chrome/149.0.0.0 Safari/537.36"
192.168.1.250 - - [09/Jul/2026:18:55:20 +0200] "GET /assets/index-3VVwHbjW.css HTTP/1.1" 304 0 "http://192.168.1.250/" "Mozilla/5.0 (Windows NT 10.0; Win64; x64) AppleWebKit/537.36 (KHTML, like Gecko) Chrome/149.0.0.0 Safari/537.36"
192.168.1.250 - - [09/Jul/2026:18:55:20 +0200] "GET /registerSW.js HTTP/1.1" 304 0 "http://192.168.1.250/" "Mozilla/5.0 (Windows NT 10.0; Win64; x64) AppleWebKit/537.36 (KHTML, like Gecko) Chrome/149.0.0.0 Safari/537.36"
192.168.1.250 - - [09/Jul/2026:18:55:20 +0200] "GET /rest/v1/prodotti?select=id&limit=1 HTTP/1.1" 200 78 "http://192.168.1.250/" "Mozilla/5.0 (Windows NT 10.0; Win64; x64) AppleWebKit/537.36 (KHTML, like Gecko) Chrome/149.0.0.0 Safari/537.36"
192.168.1.250 - - [09/Jul/2026:18:55:20 +0200] "GET /rest/v1/prenotazioni?select=*&data=eq.2026-07-09&order=ora.asc HTTP/1.1" 200 2 "http://192.168.1.250/" "Mozilla/5.0 (Windows NT 10.0; Win64; x64) AppleWebKit/537.36 (KHTML, like Gecko) Chrome/149.0.0.0 Safari/537.36"
192.168.1.250 - - [09/Jul/2026:18:55:20 +0200] "GET /rest/v1/tavoli?select=*&order=nome.asc HTTP/1.1" 200 1335 "http://192.168.1.250/" "Mozilla/5.0 (Windows NT 10.0; Win64; x64) AppleWebKit/537.36 (KHTML, like Gecko) Chrome/149.0.0.0 Safari/537.36"
192.168.1.250 - - [09/Jul/2026:18:55:23 +0200] "GET /rest/v1/tavoli?select=*&order=nome.asc HTTP/1.1" 200 1335 "http://192.168.1.250/map" "Mozilla/5.0 (Windows NT 10.0; Win64; x64) AppleWebKit/537.36 (KHTML, like Gecko) Chrome/149.0.0.0 Safari/537.36"
192.168.1.250 - - [09/Jul/2026:18:55:23 +0200] "GET /rest/v1/prenotazioni?select=*&data=eq.2026-07-09&status=in.%28CONFERMATA%2CARRIVATA%29&order=ora.asc HTTP/1.1" 200 2 "http://192.168.1.250/map" "Mozilla/5.0 (Windows NT 10.0; Win64; x64) AppleWebKit/537.36 (KHTML, like Gecko) Chrome/149.0.0.0 Safari/537.36"
192.168.1.250 - - [09/Jul/2026:18:55:23 +0200] "GET /rest/v1/ordini?select=created_at&nome_cliente=eq.Tavolo+1&status=eq.IN_ATTESA&order=created_at.asc&limit=1 HTTP/1.1" 200 82 "http://192.168.1.250/map" "Mozilla/5.0 (Windows NT 10.0; Win64; x64) AppleWebKit/537.36 (KHTML, like Gecko) Chrome/149.0.0.0 Safari/537.36"
192.168.1.250 - - [09/Jul/2026:18:55:23 +0200] "GET /rest/v1/ordini?select=created_at&nome_cliente=eq.TAVOLO+DI+TEST+%28NON+USARE%29&status=eq.IN_ATTESA&order=created_at.asc&limit=1 HTTP/1.1" 200 82 "http://192.168.1.250/map" "Mozilla/5.0 (Windows NT 10.0; Win64; x64) AppleWebKit/537.36 (KHTML, like Gecko) Chrome/149.0.0.0 Safari/537.36"
192.168.1.250 - - [09/Jul/2026:18:55:23 +0200] "GET /rest/v1/ordini?select=created_at&nome_cliente=eq.Tavolo+4&status=eq.IN_ATTESA&order=created_at.asc&limit=1 HTTP/1.1" 200 82 "http://192.168.1.250/map" "Mozilla/5.0 (Windows NT 10.0; Win64; x64) AppleWebKit/537.36 (KHTML, like Gecko) Chrome/149.0.0.0 Safari/537.36"
192.168.1.21 - - [09/Jul/2026:18:55:46 +0200] "GET /rest/v1/ordini?select=*&nome_cliente=eq.Tavolo+4&status=eq.IN_ATTESA&order=created_at.desc&limit=1 HTTP/1.1" 200 328 "http://192.168.1.250/" "Mozilla/5.0 (Linux; Android 10; K) AppleWebKit/537.36 (KHTML, like Gecko) Chrome/149.0.0.0 Mobile Safari/537.36"
192.168.1.21 - - [09/Jul/2026:18:55:59 +0200] "GET /realtime/v1/websocket?apikey=eyJhbGciOiJIUzI1NiIsInR5cCI6IkpXVCJ9.eyJpc3MiOiJzdXBhYmFzZS1kZW1vIiwicm9sZSI6ImFub24iLCJleHAiOjE5ODM4MTI5OTZ9.CRXP1A7WOeoJeXxjNni43kdQwgnWNReilDMblYTn_I0&vsn=2.0.0 HTTP/1.1" 101 7974 "-" "Mozilla/5.0 (Linux; Android 10; K) AppleWebKit/537.36 (KHTML, like Gecko) Chrome/149.0.0.0 Mobile Safari/537.36"
192.168.1.250 - - [09/Jul/2026:19:01:02 +0200] "GET /assets/index-3VVwHbjW.css HTTP/1.1" 304 0 "http://192.168.1.250/map" "Mozilla/5.0 (Windows NT 10.0; Win64; x64) AppleWebKit/537.36 (KHTML, like Gecko) Chrome/149.0.0.0 Safari/537.36"
192.168.1.250 - - [09/Jul/2026:19:01:02 +0200] "GET /manifest.webmanifest HTTP/1.1" 304 0 "http://192.168.1.250/map" "Mozilla/5.0 (Windows NT 10.0; Win64; x64) AppleWebKit/537.36 (KHTML, like Gecko) Chrome/149.0.0.0 Safari/537.36"
192.168.1.250 - - [09/Jul/2026:19:01:05 +0200] "GET /rest/v1/prenotazioni?select=*&data=eq.2026-07-09&order=ora.asc HTTP/1.1" 200 2 "http://192.168.1.250/" "Mozilla/5.0 (Windows NT 10.0; Win64; x64) AppleWebKit/537.36 (KHTML, like Gecko) Chrome/149.0.0.0 Safari/537.36"
192.168.1.250 - - [09/Jul/2026:19:01:05 +0200] "GET /rest/v1/tavoli?select=*&order=nome.asc HTTP/1.1" 200 1335 "http://192.168.1.250/" "Mozilla/5.0 (Windows NT 10.0; Win64; x64) AppleWebKit/537.36 (KHTML, like Gecko) Chrome/149.0.0.0 Safari/537.36"
192.168.1.250 - - [09/Jul/2026:19:01:14 +0200] "GET /rest/v1/prenotazioni?select=*&data=eq.2026-07-09&status=in.%28CONFERMATA%2CARRIVATA%29&order=ora.asc HTTP/1.1" 200 2 "http://192.168.1.250/map" "Mozilla/5.0 (Windows NT 10.0; Win64; x64) AppleWebKit/537.36 (KHTML, like Gecko) Chrome/149.0.0.0 Safari/537.36"
192.168.1.250 - - [09/Jul/2026:19:01:14 +0200] "GET /rest/v1/tavoli?select=*&order=nome.asc HTTP/1.1" 200 1335 "http://192.168.1.250/map" "Mozilla/5.0 (Windows NT 10.0; Win64; x64) AppleWebKit/537.36 (KHTML, like Gecko) Chrome/149.0.0.0 Safari/537.36"
192.168.1.250 - - [09/Jul/2026:19:01:14 +0200] "GET /rest/v1/ordini?select=created_at&nome_cliente=eq.Tavolo+1&status=eq.IN_ATTESA&order=created_at.asc&limit=1 HTTP/1.1" 200 82 "http://192.168.1.250/map" "Mozilla/5.0 (Windows NT 10.0; Win64; x64) AppleWebKit/537.36 (KHTML, like Gecko) Chrome/149.0.0.0 Safari/537.36"
192.168.1.250 - - [09/Jul/2026:19:01:14 +0200] "GET /rest/v1/ordini?select=created_at&nome_cliente=eq.TAVOLO+DI+TEST+%28NON+USARE%29&status=eq.IN_ATTESA&order=created_at.asc&limit=1 HTTP/1.1" 200 82 "http://192.168.1.250/map" "Mozilla/5.0 (Windows NT 10.0; Win64; x64) AppleWebKit/537.36 (KHTML, like Gecko) Chrome/149.0.0.0 Safari/537.36"
192.168.1.250 - - [09/Jul/2026:19:01:14 +0200] "GET /rest/v1/ordini?select=created_at&nome_cliente=eq.Tavolo+4&status=eq.IN_ATTESA&order=created_at.asc&limit=1 HTTP/1.1" 200 82 "http://192.168.1.250/map" "Mozilla/5.0 (Windows NT 10.0; Win64; x64) AppleWebKit/537.36 (KHTML, like Gecko) Chrome/149.0.0.0 Safari/537.36"
192.168.1.250 - - [09/Jul/2026:19:01:20 +0200] "GET /rest/v1/tavoli?select=*&order=nome.asc HTTP/1.1" 200 1335 "http://192.168.1.250/" "Mozilla/5.0 (Windows NT 10.0; Win64; x64) AppleWebKit/537.36 (KHTML, like Gecko) Chrome/149.0.0.0 Safari/537.36"
192.168.1.250 - - [09/Jul/2026:19:01:20 +0200] "GET /rest/v1/prenotazioni?select=*&data=eq.2026-07-09&order=ora.asc HTTP/1.1" 200 2 "http://192.168.1.250/" "Mozilla/5.0 (Windows NT 10.0; Win64; x64) AppleWebKit/537.36 (KHTML, like Gecko) Chrome/149.0.0.0 Safari/537.36"
192.168.1.21 - - [09/Jul/2026:19:01:22 +0200] "GET /realtime/v1/websocket?apikey=eyJhbGciOiJIUzI1NiIsInR5cCI6IkpXVCJ9.eyJpc3MiOiJzdXBhYmFzZS1kZW1vIiwicm9sZSI6ImFub24iLCJleHAiOjE5ODM4MTI5OTZ9.CRXP1A7WOeoJeXxjNni43kdQwgnWNReilDMblYTn_I0&vsn=2.0.0 HTTP/1.1" 101 8104 "-" "Mozilla/5.0 (Linux; Android 10; K) AppleWebKit/537.36 (KHTML, like Gecko) Chrome/149.0.0.0 Mobile Safari/537.36"
192.168.1.250 - - [09/Jul/2026:19:01:34 +0200] "DELETE /rest/v1/ordini?id=neq.00000000-0000-0000-0000-000000000000 HTTP/1.1" 204 0 "http://192.168.1.250/" "Mozilla/5.0 (Windows NT 10.0; Win64; x64) AppleWebKit/537.36 (KHTML, like Gecko) Chrome/149.0.0.0 Safari/537.36"
192.168.1.250 - - [09/Jul/2026:19:01:34 +0200] "PATCH /rest/v1/tavoli?id=neq.00000000-0000-0000-0000-000000000000 HTTP/1.1" 204 0 "http://192.168.1.250/" "Mozilla/5.0 (Windows NT 10.0; Win64; x64) AppleWebKit/537.36 (KHTML, like Gecko) Chrome/149.0.0.0 Safari/537.36"
192.168.1.250 - - [09/Jul/2026:19:03:42 +0200] "GET /rest/v1/prodotti?select=*&order=categoria.asc%2Cnome.asc HTTP/1.1" 200 7150 "http://192.168.1.250/pos" "Mozilla/5.0 (Windows NT 10.0; Win64; x64) AppleWebKit/537.36 (KHTML, like Gecko) Chrome/149.0.0.0 Safari/537.36"
192.168.1.250 - - [09/Jul/2026:19:03:42 +0200] "GET /rest/v1/ingredienti?select=* HTTP/1.1" 200 1897 "http://192.168.1.250/pos" "Mozilla/5.0 (Windows NT 10.0; Win64; x64) AppleWebKit/537.36 (KHTML, like Gecko) Chrome/149.0.0.0 Safari/537.36"
192.168.1.250 - - [09/Jul/2026:19:05:48 +0200] "GET /pos HTTP/1.1" 200 460 "-" "Mozilla/5.0 (Windows NT 10.0; Win64; x64) AppleWebKit/537.36 (KHTML, like Gecko) Chrome/149.0.0.0 Safari/537.36"
192.168.1.250 - - [09/Jul/2026:19:05:48 +0200] "GET /realtime/v1/websocket?apikey=eyJhbGciOiJIUzI1NiIsInR5cCI6IkpXVCJ9.eyJpc3MiOiJzdXBhYmFzZS1kZW1vIiwicm9sZSI6ImFub24iLCJleHAiOjE5ODM4MTI5OTZ9.CRXP1A7WOeoJeXxjNni43kdQwgnWNReilDMblYTn_I0&vsn=2.0.0 HTTP/1.1" 101 7342 "-" "Mozilla/5.0 (Windows NT 10.0; Win64; x64) AppleWebKit/537.36 (KHTML, like Gecko) Chrome/149.0.0.0 Safari/537.36"
192.168.1.250 - - [09/Jul/2026:19:05:48 +0200] "GET /assets/index-LKHpzJFq.js HTTP/1.1" 304 0 "http://192.168.1.250/pos" "Mozilla/5.0 (Windows NT 10.0; Win64; x64) AppleWebKit/537.36 (KHTML, like Gecko) Chrome/149.0.0.0 Safari/537.36"
192.168.1.250 - - [09/Jul/2026:19:05:48 +0200] "GET /assets/index-3VVwHbjW.css HTTP/1.1" 304 0 "http://192.168.1.250/pos" "Mozilla/5.0 (Windows NT 10.0; Win64; x64) AppleWebKit/537.36 (KHTML, like Gecko) Chrome/149.0.0.0 Safari/537.36"
192.168.1.250 - - [09/Jul/2026:19:05:48 +0200] "GET /registerSW.js HTTP/1.1" 304 0 "http://192.168.1.250/pos" "Mozilla/5.0 (Windows NT 10.0; Win64; x64) AppleWebKit/537.36 (KHTML, like Gecko) Chrome/149.0.0.0 Safari/537.36"
